18:02:34 **** Incremental Build of configuration Debug for project BMS ****
make -j8 all 
arm-none-eabi-gcc "../Core/Src/main.c" -mcpu=cortex-m7 -std=gnu11 -g3 -DDEBUG -DUSE_PWR_LDO_SUPPLY -DUSE_NUCLEO_64 -DUSE_HAL_DRIVER -DSTM32H723xx -c -I../Core/Inc -I../Drivers/STM32H7xx_HAL_Driver/Inc -I../Drivers/STM32H7xx_HAL_Driver/Inc/Legacy -I../Drivers/BSP/STM32H7xx_Nucleo -I../Drivers/CMSIS/Device/ST/STM32H7xx/Include -I../Drivers/CMSIS/Include -O0 -ffunction-sections -fdata-sections -Wall -fstack-usage -fcyclomatic-complexity -MMD -MP -MF"Core/Src/main.d" -MT"Core/Src/main.o" --specs=nano.specs -mfpu=fpv5-d16 -mfloat-abi=hard -mthumb -o "Core/Src/main.o"
arm-none-eabi-gcc -o "BMS.elf" @"objects.list"   -mcpu=cortex-m7 -T"C:\Users\user\STM32CubeIDE\workspace_1.12.2\BMS\STM32H723ZGTX_FLASH.ld" --specs=nosys.specs -Wl,-Map="BMS.map" -Wl,--gc-sections -static -u _printf_float --specs=nano.specs -mfpu=fpv5-d16 -mfloat-abi=hard -mthumb -Wl,--start-group -lc -lm -Wl,--end-group
Finished building target: BMS.elf
 
arm-none-eabi-size  BMS.elf 
arm-none-eabi-objdump -h -S BMS.elf  > "BMS.list"
   text	   data	    bss	    dec	    hex	filename
  42292	    500	   2324	  45116	   b03c	BMS.elf
Finished building: default.size.stdout
 
Finished building: BMS.list
 
18:02:45 **** Incremental Build of configuration Debug for project BMS ****
make -j8 all 
arm-none-eabi-size  BMS.elf 
   text	   data	    bss	    dec	    hex	filename
  42292	    500	   2324	  45116	   b03c	BMS.elf
Finished building: default.size.stdout
 
18:21:25 **** Incremental Build of configuration Debug for project BMS ****
make -j8 all 
arm-none-eabi-size  BMS.elf 
   text	   data	    bss	    dec	    hex	filename
  42292	    500	   2324	  45116	   b03c	BMS.elf
Finished building: default.size.stdout
 
18:36:52 **** Incremental Build of configuration Debug for project BMS ****
make -j8 all 
arm-none-eabi-gcc "../Core/Src/main.c" -mcpu=cortex-m7 -std=gnu11 -g3 -DDEBUG -DUSE_PWR_LDO_SUPPLY -DUSE_NUCLEO_64 -DUSE_HAL_DRIVER -DSTM32H723xx -c -I../Core/Inc -I../Drivers/STM32H7xx_HAL_Driver/Inc -I../Drivers/STM32H7xx_HAL_Driver/Inc/Legacy -I../Drivers/BSP/STM32H7xx_Nucleo -I../Drivers/CMSIS/Device/ST/STM32H7xx/Include -I../Drivers/CMSIS/Include -O0 -ffunction-sections -fdata-sections -Wall -fstack-usage -fcyclomatic-complexity -MMD -MP -MF"Core/Src/main.d" -MT"Core/Src/main.o" --specs=nano.specs -mfpu=fpv5-d16 -mfloat-abi=hard -mthumb -o "Core/Src/main.o"
arm-none-eabi-gcc -o "BMS.elf" @"objects.list"   -mcpu=cortex-m7 -T"C:\Users\user\STM32CubeIDE\workspace_1.12.2\BMS\STM32H723ZGTX_FLASH.ld" --specs=nosys.specs -Wl,-Map="BMS.map" -Wl,--gc-sections -static -u _printf_float --specs=nano.specs -mfpu=fpv5-d16 -mfloat-abi=hard -mthumb -Wl,--start-group -lc -lm -Wl,--end-group
Finished building target: BMS.elf
 
arm-none-eabi-size  BMS.elf 
arm-none-eabi-objdump -h -S BMS.elf  > "BMS.list"
   text	   data	    bss	    dec	    hex	filename
  42292	    500	   2324	  45116	   b03c	BMS.elf
Finished building: default.size.stdout
 
Finished building: BMS.list
 
18:52:36 **** Incremental Build of configuration Debug for project BMS ****
make -j8 all 
arm-none-eabi-gcc "../Core/Src/main.c" -mcpu=cortex-m7 -std=gnu11 -g3 -DDEBUG -DUSE_PWR_LDO_SUPPLY -DUSE_NUCLEO_64 -DUSE_HAL_DRIVER -DSTM32H723xx -c -I../Core/Inc -I../Drivers/STM32H7xx_HAL_Driver/Inc -I../Drivers/STM32H7xx_HAL_Driver/Inc/Legacy -I../Drivers/BSP/STM32H7xx_Nucleo -I../Drivers/CMSIS/Device/ST/STM32H7xx/Include -I../Drivers/CMSIS/Include -O0 -ffunction-sections -fdata-sections -Wall -fstack-usage -fcyclomatic-complexity -MMD -MP -MF"Core/Src/main.d" -MT"Core/Src/main.o" --specs=nano.specs -mfpu=fpv5-d16 -mfloat-abi=hard -mthumb -o "Core/Src/main.o"
arm-none-eabi-gcc -o "BMS.elf" @"objects.list"   -mcpu=cortex-m7 -T"C:\Users\user\STM32CubeIDE\workspace_1.12.2\BMS\STM32H723ZGTX_FLASH.ld" --specs=nosys.specs -Wl,-Map="BMS.map" -Wl,--gc-sections -static -u _printf_float --specs=nano.specs -mfpu=fpv5-d16 -mfloat-abi=hard -mthumb -Wl,--start-group -lc -lm -Wl,--end-group
Finished building target: BMS.elf
 
arm-none-eabi-size  BMS.elf 
arm-none-eabi-objdump -h -S BMS.elf  > "BMS.list"
   text	   data	    bss	    dec	    hex	filename
  42292	    500	   2324	  45116	   b03c	BMS.elf
Finished building: default.size.stdout
 
Finished building: BMS.list
 
18:56:30 **** Incremental Build of configuration Debug for project BMS ****
make -j8 all 
arm-none-eabi-size  BMS.elf 
   text	   data	    bss	    dec	    hex	filename
  42292	    500	   2324	  45116	   b03c	BMS.elf
Finished building: default.size.stdout
 
18:56:52 **** Incremental Build of configuration Debug for project BMS ****
make -j8 all 
arm-none-eabi-size  BMS.elf 
   text	   data	    bss	    dec	    hex	filename
  42292	    500	   2324	  45116	   b03c	BMS.elf
Finished building: default.size.stdout
 
