../Core/Src/main.c:150:15:Checksum	24	static
../Core/Src/main.c:164:5:I2C_ReadReg	32	static
../Core/Src/main.c:174:5:I2C_WriteReg	32	static
../Core/Src/main.c:184:6:BQ769x2_SetRegister	32	static
../Core/Src/main.c:229:6:CommandSubcommands	24	static
../Core/Src/main.c:243:6:Subcommands	24	static
../Core/Src/main.c:283:6:DirectCommands	24	static
../Core/Src/main.c:303:6:Subcommand_WithData	24	static
../Core/Src/main.c:316:6:BQ769x2_Init	8	static
../Core/Src/main.c:421:6:BQ769x2_BOTHOFF	8	static
../Core/Src/main.c:427:6:BQ769x2_RESET_BOTHOFF	8	static
../Core/Src/main.c:433:6:BQ769x2_ReadFETStatus	8	static
../Core/Src/main.c:447:6:BQ769x2_ShutdownPin	8	static
../Core/Src/main.c:453:6:BQ769x2_ReleaseShutdownPin	8	static
../Core/Src/main.c:464:10:BQ769x2_ReadAlarmStatus	8	static
../Core/Src/main.c:470:6:BQ769x2_ReadSafetyStatus	8	static
../Core/Src/main.c:496:6:BQ769x2_ReadPFStatus	8	static
../Core/Src/main.c:513:10:BQ769x2_ReadVoltage	16	static
../Core/Src/main.c:526:6:BQ769x2_ReadAllVoltages	24	static
../Core/Src/main.c:545:10:BQ769x2_ReadCurrent	8	static
../Core/Src/main.c:552:7:BQ769x2_ReadTemperature	16	static
../Core/Src/main.c:559:6:BQ769x2_ReadPassQ	8	static
../Core/Src/main.c:566:6:BQ769x2_CheckPowerMode	8	static
../Core/Src/main.c:573:6:BQ769x2_CheckCellBalancing	8	static
../Core/Src/main.c:583:6:BMS_ReadRealData	24	static
../Core/Src/main.c:620:6:BMS_SendJSON	1264	static
../Core/Src/main.c:665:22:UART_Transmit_String	16	static
../Core/Src/main.c:670:9:BMS_Task	16	static
../Core/Src/main.c:692:5:main	24	static
../Core/Src/main.c:798:6:SystemClock_Config	120	static
../Core/Src/main.c:859:13:MX_I2C1_Init	8	static
../Core/Src/main.c:907:13:MX_USART3_UART_Init	8	static
../Core/Src/main.c:955:13:MX_USB_OTG_HS_USB_Init	4	static
../Core/Src/main.c:976:13:MX_GPIO_Init	48	static
../Core/Src/main.c:1022:6:MPU_Config	24	static
../Core/Src/main.c:1053:6:Error_Handler	4	static,ignoring_inline_asm
